exports[`test FriendList renders correctly 1`] = `
<div
  className={undefined}>
  <ul
    className={undefined}>
    <li
      className={undefined}>
      <div
        className={undefined}>
        <div>
          <span>
            Theodore Roosevelt
          </span>
          <i
            className="fa fa-undefined" />
        </div>
        <div>
          <small>
            xx friends in common
          </small>
        </div>
      </div>
      <div
        className={undefined}>
        <button
          className="btn btn-default undefined"
          onClick={[Function]}>
          <i
            className="fa fa-star" />
        </button>
        <button
          className="btn btn-default undefined"
          onClick={[Function]}>
          <i
            className="fa fa-trash" />
        </button>
      </div>
    </li>
    <li
      className={undefined}>
      <div
        className={undefined}>
        <div>
          <span>
            Abraham Lincoln
          </span>
          <i
            className="fa fa-undefined" />
        </div>
        <div>
          <small>
            xx friends in common
          </small>
        </div>
      </div>
      <div
        className={undefined}>
        <button
          className="btn btn-default undefined"
          onClick={[Function]}>
          <i
            className="fa fa-star-o" />
        </button>
        <button
          className="btn btn-default undefined"
          onClick={[Function]}>
          <i
            className="fa fa-trash" />
        </button>
      </div>
    </li>
  </ul>
  <div
    className={undefined}>
    <div
      className="">
      <button
        className="btn btn-default"
        disabled={true}
        onClick={[Function]}>
        <i
          className="fa fa-caret-left" />
      </button>
      <label
        className={undefined}>
        1
         of 
        2
      </label>
      <button
        className="btn btn-default"
        disabled={false}
        onClick={[Function]}>
        <i
          className="fa fa-caret-right" />
      </button>
    </div>
  </div>
</div>
`;
